// Jest Snapshot v1, https://goo.gl/fbAQLP

exports[`action creators should create a LOGOUT action 1`] = `
Object {
  "type": "LOGOUT",
}
`;
