// Jest Snapshot v1, https://goo.gl/fbAQLP

exports[`Editor component should display the AceEditor 1`] = `
<div>
  <div
    id="brace-editor"
    style={
      Object {
        "height": "500px",
        "width": "500px",
      }
    }
  />
</div>
`;
